[backblue.gif]
[fade.gif]
[index.html]
[www.optimum.net/assets/hosted/js/optimum-commondd5c.js]
[assets.sitescdn.net/answers-search-bar/v1.0/answers.css]
[www.optimum.net/assets/hosted/js/onetmotionpoint.js]
[www.optimum.net/assets/hosted/js/liveperson.js]
[assets.sitescdn.net/answers-search-bar/v1.0/answerstemplates.compiled.min.js]
[www.optimum.net/modernizr.custom.28587.min.js]
[assets.adobedtm.com/5b7063f54823/6d6d655087a2/launch-6b631ac52479.min.js]
[resources.digital-cloud.medallia.com/wdcus/68497/onsite/embed.js]
[assets.adobedtm.com/5b7063f54823/6d6d655087a2/launch-fd078045528e-staging.min.js]
[static.tvlistings.optimum.net/ool/static/prod/images/automatic-payment_update.png]
[static.tvlistings.optimum.net/ool/static/prod/images/Auto_pay_icon_update.png]
[www.optimum.net/vendor.min59c0.js]
[www.optimum.net/main.min59c0.js]
[www.optimum.net/cms-templates/plain-text/.min59c0.js]
[www.optimum.net/support/outage/outage59c0.js]
[espanol.optimum.net/mpel/mpel.js]
[www.googleadservices.com/pagead/f.txt]
[www.optimum.net/pages/auto-payment.html]
[assets.sitescdn.net/answers-search-bar/v1.0/answers.css]
[www.optimum.net/assets/fonts/regular/Regular-Regular.eot]
[www.optimum.net/assets/fonts/regular/Regular-Regulard41d.eot]
[www.optimum.net/assets/fonts/regular/Regular-Regular.woff]
[www.optimum.net/assets/fonts/regular/Regular-Regular.ttf]
[www.optimum.net/assets/fonts/fontawesome/fontawesome-webfont3294.eot]
[www.optimum.net/assets/fonts/fontawesome/fontawesome-webfontd41d.eot]
[www.optimum.net/assets/fonts/fontawesome/fontawesome-webfont3294.woff]
[www.optimum.net/assets/fonts/fontawesome/fontawesome-webfont3294.ttf]
[www.optimum.net/assets/fonts/glyphicons/glyphiconshalflings-regular.eot]
[www.optimum.net/assets/fonts/glyphicons/glyphiconshalflings-regulard41d.eot]
[www.optimum.net/assets/fonts/glyphicons/glyphiconshalflings-regular.woff]
[www.optimum.net/assets/fonts/glyphicons/glyphiconshalflings-regular.ttf]
[www.optimum.net/assets/fonts/onet-icons/onet-icons0e66.eot]
[www.optimum.net/assets/fonts/onet-icons/onet-iconsd41d.eot]
[www.optimum.net/assets/fonts/onet-icons/onet-icons0e66.woff]
[www.optimum.net/assets/fonts/onet-icons/onet-icons0e66.ttf]
[www.optimum.net/assets/images/global-sprite.png]
[www.optimum.net/cdn/static.tvlistings.optimum.net/ool/static/prod/images/icon_optstore.png]
[www.optimum.net/cdn/static.tvlistings.optimum.net/ool/static/prod/images/icon_optstore_hover.png]
[www.optimum.net/cdn/static.tvlistings.optimum.net/ool/static/prod/images/icon_opthelp.png]
[www.optimum.net/cdn/static.tvlistings.optimum.net/ool/static/prod/images/icon_opthelp_hover.png]
[www.optimum.net/cdn/static.tvlistings.optimum.net/ool/static/prod/images/icon_message2.png]
[www.optimum.net/cdn/static.tvlistings.optimum.net/ool/static/prod/images/icon_message2_hover.png]
[www.optimum.net/cdn/static.tvlistings.optimum.net/ool/static/prod/images/icon_feedback.png]
[www.optimum.net/cdn/static.tvlistings.optimum.net/ool/static/prod/images/icon_feedback_hover2.png]
[www.optimum.net/cdn/static.tvlistings.optimum.net/ool/static/prod/images/sprite_icons_altice.png]
[www.optimum.net/assets/images/footer-logo-sprite.png]
[www.optimum.net/cdn/static.tvlistings.optimum.net/ool/static/prod/images/icon_message.png]
[www.optimum.net/cdn/static.tvlistings.optimum.net/ool/static/prod/images/icon_selfhelp.png]
[www.optimum.net/cdn/static.tvlistings.optimum.net/ool/static/prod/images/icon_Service_Status_help-question.png]
[www.optimum.net/cdn/static.tvlistings.optimum.net/ool/static/prod/images/logo_google.png]
[www.optimum.net/cdn/static.tvlistings.optimum.net/ool/static/prod/images/logo_google_wrapped.png]
[www.optimum.net/cdn/static.tvlistings.optimum.net/ool/static/prod/images/logo_desktop.png]
[www.optimum.net/cdn/static.tvlistings.optimum.net/ool/static/prod/images/logo_mobile.png]
[www.optimum.net/cdn/static.tvlistings.optimum.net/ool/static/prod/images/logo_mobile_2x.png]
[www.optimum.net/cdn/static.tvlistings.optimum.net/ool/static/prod/images/screen_map.png]
[www.optimum.net/assets/images/BusinessMap/loupe.jpg]
[www.optimum.net/cdn/static.tvlistings.optimum.net/ool/static/prod/images/hotspots/indoor/primary_indoor.png]
[www.optimum.net/assets/images/BusinessMap/bus_indoor.png]
[www.optimum.net/assets/images/BusinessMap/indoor.jpg]
[www.optimum.net/cdn/static.tvlistings.optimum.net/ool/static/prod/images/hotspots/indoor/primary_indoor_mouseover.png]
[www.optimum.net/cdn/static.tvlistings.optimum.net/ool/static/prod/images/hotspots/indoor/partner_indoor.png]
[www.optimum.net/assets/images/BusinessMap/bus_partnerindoor.png]
[www.optimum.net/assets/images/BusinessMap/partnerindoor.jpg]
[www.optimum.net/cdn/static.tvlistings.optimum.net/ool/static/prod/images/hotspots/indoor/partner_indoor_mouseover.png]
[www.optimum.net/cdn/static.tvlistings.optimum.net/ool/static/prod/images/hotspots/outdoor/primary_outdoor.png]
[www.optimum.net/assets/images/BusinessMap/outdoor.jpg]
[www.optimum.net/cdn/static.tvlistings.optimum.net/ool/static/prod/images/hotspots/outdoor/partner_outdoor.png]
[www.optimum.net/assets/images/BusinessMap/partneroutdoor.jpg]
[www.optimum.net/assets/images/BusinessMap/bus_outdoor.png]
[www.optimum.net/assets/images/BusinessMap/bus_partneroutdoor.png]
[www.optimum.net/assets/fonts/montserrat/Montserrat-Black.ttf]
[www.optimum.net/assets/fonts/montserrat/Montserrat-BlackItalic.ttf]
[www.optimum.net/assets/fonts/montserrat/Montserrat-BoldItalic.ttf]
[www.optimum.net/assets/fonts/montserrat/Montserrat-ExtraLight.ttf]
[www.optimum.net/assets/fonts/montserrat/Montserrat-ExtraLightItalic.ttf]
[www.optimum.net/assets/fonts/montserrat/Montserrat-Italic.ttf]
[www.optimum.net/assets/fonts/montserrat/Montserrat-Light.ttf]
[www.optimum.net/assets/fonts/montserrat/Montserrat-LightItalic.ttf]
[www.optimum.net/assets/fonts/montserrat/Montserrat-Medium.ttf]
[www.optimum.net/assets/fonts/montserrat/Montserrat-MediumItalic.ttf]
[www.optimum.net/assets/fonts/montserrat/Montserrat-Regular.ttf]
[www.optimum.net/assets/fonts/montserrat/Montserrat-Thin.ttf]
[www.optimum.net/assets/fonts/montserrat/Montserrat-ThinItalic.ttf]
[www.optimum.net/core-and-parts-palette-1_page_159c0.css]
[www.optimum.net/assets/images/nest/icon_cart.png]
[www.optimum.net/assets/images/nest/icon_cart_check.png]
[www.optimum.net/assets/images/nest/icon_cart_lock.png]
[www.optimum.net/assets/images/nest/logo_optimum_ecom.png]
[www.optimum.net/assets/images/nest/logo_optimum_ecom_mobile.png]
[www.optimum.net/assets/images/nest/logo_altice_ecom.png]
[www.optimum.net/cdn/static.tvlistings.optimum.net/ool/static/prod/images/icon_x.png]
[www.optimum.net/cdn/static.tvlistings.optimum.net/ool/static/prod/images/thumb_autopay_enroll.png]
[www.optimum.net/cdn/static.tvlistings.optimum.net/ool/static/prod/images/thumb_poster_default.jpg]
[www.optimum.net/assets/fonts/regular/Regular-Black.eot]
[www.optimum.net/assets/fonts/regular/Regular-Blackd41d.eot]
[www.optimum.net/assets/fonts/regular/Regular-Black.woff]
[www.optimum.net/assets/fonts/regular/Regular-BlackItalic.eot]
[www.optimum.net/assets/fonts/regular/Regular-BlackItalicd41d.eot]
[www.optimum.net/assets/fonts/regular/Regular-Bold.eot]
[www.optimum.net/assets/fonts/regular/Regular-Boldd41d.eot]
[www.optimum.net/assets/fonts/regular/Regular-Bold.woff]
[www.optimum.net/assets/fonts/regular/Regular-BoldItalic.eot]
[www.optimum.net/assets/fonts/regular/Regular-BoldItalicd41d.eot]
[www.optimum.net/assets/fonts/regular/Regular-BoldItalic.woff]
[www.optimum.net/assets/fonts/regular/Regular-Extrabold.eot]
[www.optimum.net/assets/fonts/regular/Regular-Extraboldd41d.eot]
[www.optimum.net/assets/fonts/regular/Regular-Extrabold.woff]
[www.optimum.net/assets/fonts/regular/Regular-ExtraboldItalic.eot]
[www.optimum.net/assets/fonts/regular/Regular-ExtraboldItalicd41d.eot]
[www.optimum.net/assets/fonts/regular/Regular-ExtraboldItalic.woff]
[www.optimum.net/assets/fonts/regular/Regular-Light.eot]
[www.optimum.net/assets/fonts/regular/Regular-Lightd41d.eot]
[www.optimum.net/assets/fonts/regular/Regular-Light.woff]
[www.optimum.net/assets/fonts/regular/Regular-LightItalic.eot]
[www.optimum.net/assets/fonts/regular/Regular-LightItalicd41d.eot]
[www.optimum.net/assets/fonts/regular/Regular-LightItalic.woff]
[www.optimum.net/assets/fonts/regular/Regular-Medium.eot]
[www.optimum.net/assets/fonts/regular/Regular-Mediumd41d.eot]
[www.optimum.net/assets/fonts/regular/Regular-Medium.woff]
[www.optimum.net/assets/fonts/regular/Regular-MediumItalic.eot]
[www.optimum.net/assets/fonts/regular/Regular-MediumItalicd41d.eot]
[www.optimum.net/assets/fonts/regular/Regular-MediumItalic.woff]
[www.optimum.net/assets/fonts/regular/Regular-RegularItalic.eot]
[www.optimum.net/assets/fonts/regular/Regular-RegularItalicd41d.eot]
[www.optimum.net/assets/fonts/regular/Regular-RegularItalic.woff]
[www.optimum.net/assets/fonts/regular/Regular-Semibold.eot]
[www.optimum.net/assets/fonts/regular/Regular-Semiboldd41d.eot]
[www.optimum.net/assets/fonts/regular/Regular-Semibold.woff]
[www.optimum.net/assets/fonts/regular/Regular-SemiboldItalic.eot]
[www.optimum.net/assets/fonts/regular/Regular-SemiboldItalicd41d.eot]
[www.optimum.net/assets/fonts/regular/Regular-SemiboldItalic.woff]
[www.optimum.net/cdn/static.tvlistings.optimum.net/ool/static/prod/images/thumb_x_trans.png]
[www.optimum.net/cdn/static.tvlistings.optimum.net/ool/static/prod/images/thumb_check_trans.png]
[www.optimum.net/cdn/static.tvlistings.optimum.net/ool/static/prod/images/thumb_optout.png]
[www.optimum.net/cdn/static.tvlistings.optimum.net/ool/static/prod/images/sprite_weather.png]
[www.optimum.net/core-and-parts-palette-1_page_259c0.css]
[www.optimum.net/cms-templates/plain-text/page-palette-159c0.css]
[www.google-analytics.com/analytics.js]
[assets.adobedtm.com/5b7063f54823/6d6d655087a2/launch-6b631ac52479.min.js]
[assets.adobedtm.com/5b7063f54823/6d6d655087a2/8fcc2abd49b4/EX97acde0528954e95a05408c850ed08c3-libraryCode_source.min.js]
[assets.adobedtm.com/5b7063f54823/6d6d655087a2/4f7aa2dc04e9/EX97acde0528954e95a05408c850ed08c3-libraryCode_source.min.js]
[assets.adobedtm.com/5b7063f54823/6d6d655087a2/launch-fd078045528e-staging.min.js]
[www.googletagmanager.com/gtm5445.html]
[static.tvlistings.optimum.net/ool/static/prod/images/CS-14666_CRM_OPT-dotNET-service-page_support-app_170x170.jpg]
[static.tvlistings.optimum.net/ool/static/prod/images/CS-14666_CRM_OPT-dotNET-service-page_Hero_450x527.png]
[static.tvlistings.optimum.net/ool/static/prod/images/CS-14666_CRM_OPT-dotNET-service-page_premiere-protect_305x78.png]
[static.tvlistings.optimum.net/ool/static/prod/images/CS-14666_CRM_OPT-dotNET-service-page_premiere-service_315x87.png]
[static.tvlistings.optimum.net/ool/static/prod/images/CS-14666_CRM_OPT-dotNET-service-page_hello-tech_275x90.png]
[www.optimum.net/pages/service.html]
[www.optimum.net/cdn/static.tvlistings.optimum.net/ool/static/prod/images/Phones.png]
[www.optimum.net/cdn/static.tvlistings.optimum.net/ool/static/prod/images/App_Store_Badge.png]
[www.optimum.net/pages/optimum-support-app.html]
[www.optimum.net/cdn/static.tvlistings.optimum.net/ool/static/prod/images/theone/lightbulb.png]
[static.tvlistings.optimum.net/ool/static/prod/images/Stream-Hero-Image-REV.jpg]
[static.tvlistings.optimum.net/ool/static/prod/images/streaming-apps-icon.png]
[static.tvlistings.optimum.net/ool/static/prod/images/Google-Stream-Overlay-Screen-REV.jpg]
[static.tvlistings.optimum.net/ool/static/prod/images/remote_856x719_2x.jpg]
[static.tvlistings.optimum.net/ool/static/prod/images/OPT-Hey-Google-Remote-Speech-Bubbles-v2.jpg]
[static.tvlistings.optimum.net/ool/static/prod/images/Stream.png]
[static.tvlistings.optimum.net/ool/static/prod/images/Apps-Image-845wide-REV.jpg]
[www.optimum.net/pages/optimum-one/get-started.html]
[www.optimum.com/sites/default/files/2020-04/McAFEE_TAG_S_RGB.png]
[www.optimum.net/pages/internet-protection.html]
[www.optimum.net/cms-image/index3c06.html]
[static.tvlistings.optimum.net/ool/static/prod/images/2021-09-2210_50_16-.jpg]
[static.tvlistings.optimum.net/ool/static/prod/images/2021-09-2210_48_54-.jpg]
[static.tvlistings.optimum.net/ool/static/prod/images/2021-09-2012_37_13-.jpg]
[static.tvlistings.optimum.net/ool/static/prod/images/2021-09-2012_36_10-.jpg]
[static.tvlistings.optimum.net/ool/static/prod/images/2021-09-20 09_48_31-.jpg]
[static.tvlistings.optimum.net/ool/static/prod/images/2021-09-20 09_48_10-.jpg]
[static.tvlistings.optimum.net/ool/static/prod/images/2021-09-20 09_47_36-.jpg]
[static.tvlistings.optimum.net/ool/static/prod/images/2021-09-2010_00_53-.jpg]
[static.tvlistings.optimum.net/ool/static/prod/images/2021-09-2009_58_47-.jpg]
[static.tvlistings.optimum.net/ool/static/prod/images/2021-09-1709_44_33.jpg]
[static.tvlistings.optimum.net/ool/static/prod/images/2021-09-17 13_03_32-.jpg]
[static.tvlistings.optimum.net/ool/static/prod/images/2021-09-17 13_01_14-.jpg]
[www.optimum.net/cms-templates/text-anchors/.min59c0.js]
[www.optimum.net/pages/phishing-alerts.html]
[www.optimum.net/pages/{{CommonHeaderCtrl.html]
[www.optimum.net/pages/{{CommonHeaderCtrl-2.html]
[www.optimum.net/pages/{{ email.html]
[www.optimum.net/pages/tv/pay-per-view.html]
[static.tvlistings.optimum.net/ool/static/prod/images/SDL_transition_hero.jpg]
[www.optimum.net/pages/transition.html]
[www.optimum.net/pages/tv/tv-remote.html]
[www.optimum.net/pages/channel-lineups.html]
[www.optimum.net/pages/{{recording.html]
[www.optimum.net/pages/{{recording-2.html]
[www.optimum.net/pages/{{CommonHeaderCtrl.basePhoneMenuUrl}}/Voicemail/Show.html]
[www.optimum.net/pages/{{CommonHeaderCtrl.basePhoneMenuUrl}}/CallHistory.html]
[www.optimum.net/pages/{{CommonHeaderCtrl.basePhoneMenuUrl}}/International/MyPlan.html]
[www.optimum.net/pages/{{CommonHeaderCtrl.basePhoneMenuUrl}}/Features/CallingFeatures/CallWaiting.html]
[www.optimum.net/pages/{{CommonHeaderCtrl.basePhoneMenuUrl}}/Features/CallingFeatures/CallForwarding.html]
[www.optimum.net/pages/{{CommonHeaderCtrl.basePhoneMenuUrl}}/Features/CallingFeatures/VipRinging.html]
[www.optimum.net/pages/{{CommonHeaderCtrl.basePhoneMenuUrl}}/Features/CallingFeatures/BlockUnwantedCalls.html]
[www.optimum.net/pages/{{CommonHeaderCtrl.basePhoneMenuUrl}}/Features/CallingFeatures/FindMe.html]
[www.optimum.net/pages/{{CommonHeaderCtrl.basePhoneMenuUrl}}/Features/CallingFeatures/PrivateOutboundCalls.html]
[www.optimum.net/pages/{{CommonHeaderCtrl.basePhoneMenuUrl}}/Features/DirectoryListing.html]
[static.tvlistings.optimum.net/ool/static/prod/images/New_Robocall_image2.png]
[static.tvlistings.optimum.net/ool/static/prod/images/ftth/Visa_Card.png]
[static.tvlistings.optimum.net/ool/static/prod/images/img_Nomorobo.png]
[www.optimum.net/pages/robocalls.html]
[www.optimum.net/pages/{{CommonHeaderCtrl.basePhoneMenuUrl}}/Voicemail.html]
[www.optimum.net/pages/{{CommonFooterCtrl.html]
[www.optimum.net/pages/ReportAbuse.html]
[www.optimum.net/pages/{{BottomDefaultCtrl.html]
[www.optimum.net/pages/{{BottomDefaultCtrl-2.html]
[www.optimum.net/pages/{{BottomDefaultCtrl.phoneLink}}/Voicemail.html]
[www.optimum.net/pages/{{BottomDefaultCtrl-3.html]
[www.optimum.net/assets/fonts/regular/Regular-Regular.svg]
[www.optimum.net/assets/fonts/glyphicons/glyphiconshalflings-regular.svg]
[www.optimum.net/assets/images/icon-sheet.svg]
[www.optimum.net/assets/fonts/onet-icons/onet-icons.svg]
[www.optimum.net/assets/fonts/montserrat/Montserrat-Bold.ttf]
[www.optimum.net/assets/fonts/montserrat/Montserrat-Extrabold.html]
[www.optimum.net/assets/fonts/montserrat/Montserrat-ExtraboldItalic.html]
[www.optimum.net/assets/fonts/montserrat/Montserrat-Semibold.html]
[www.optimum.net/assets/fonts/montserrat/Montserrat-SemiboldItalic.html]
[www.optimum.net/assets/fonts/regular/Regular-Black.svg]
[www.optimum.net/assets/fonts/regular/Regular-BlackItalic.svg]
[www.optimum.net/assets/fonts/regular/Regular-Bold.svg]
[www.optimum.net/assets/fonts/regular/Regular-BoldItalic.svg]
[www.optimum.net/assets/fonts/regular/Regular-Extrabold.svg]
[www.optimum.net/assets/fonts/regular/Regular-ExtraboldItalic.svg]
[www.optimum.net/assets/fonts/regular/Regular-Light.svg]
[www.optimum.net/assets/fonts/regular/Regular-LightItalic.svg]
[www.optimum.net/assets/fonts/regular/Regular-Medium.svg]
[www.optimum.net/assets/fonts/regular/Regular-MediumItalic.svg]
[www.optimum.net/assets/fonts/regular/Regular-RegularItalic.svg]
[www.optimum.net/assets/fonts/regular/Regular-Semibold.svg]
[www.optimum.net/assets/fonts/regular/Regular-SemiboldItalic.svg]
[www.optimum.net/pages/get.html]
[www.optimum.net/helpers/getObjectProperty.html]
[assets.adobedtm.com/5b7063f54823/6d6d655087a2/8fcc2abd49b4/EX97acde0528954e95a05408c850ed08c3-libraryCode_source.min.js]
[www.optimum.net/pages/index.html]
[assets.adobedtm.com/5b7063f54823/6d6d655087a2/4f7aa2dc04e9/EX97acde0528954e95a05408c850ed08c3-libraryCode_source.min.js]
[www.optimum.net/pages/{{CommonHeaderCtrl.helloMessage.link}}]
[static.tvlistings.optimum.net/ool/static/prod/images/Premier-Protection-Support-for-Optimum.png]
[static.tvlistings.optimum.net/ool/static/prod/images/CS-14666_CRM_OPT-dotNET-service-premier-support_Education_533x184.jpg]
[static.tvlistings.optimum.net/ool/static/prod/images/CS-14666_CRM_OPT-dotNET-service-premier-support_backup_533x184.jpg]
[static.tvlistings.optimum.net/ool/static/prod/images/CS-14666_CRM_OPT-dotNET-service-premier-support_set-up_533x184.jpg]
[static.tvlistings.optimum.net/ool/static/prod/images/CS-14666_CRM_OPT-dotNET-service-premier-support_performance_533x184.jpg]
[static.tvlistings.optimum.net/ool/static/prod/images/CS-14666_CRM_OPT-dotNET-service-premier-support_protection_533x184.jpg]
[www.optimum.net/pages/service/premier-support.html]
[static.tvlistings.optimum.net/ool/static/prod/images/CS-14666_CRM_OPT-dotNET-service-protection-plan_resolution_533x184.jpg]
[static.tvlistings.optimum.net/ool/static/prod/images/CS-14666_CRM_OPT-dotNET-service-protection-plan_troubleshooting_533x184.jpg]
[static.tvlistings.optimum.net/ool/static/prod/images/CS-14666_CRM_OPT-dotNET-service-protection-plan_education_533x184.jpg]
[www.optimum.net/pages/service/protection-plan.html]
[www.optimum.net/pages/optimum-one/{{CommonHeaderCtrl.helloMessage.html]
[www.optimum.net/pages/optimum-one/{{CommonHeaderCtrl.html]
[www.optimum.net/pages/optimum-one/{{CommonHeaderCtrl-2.html]
[www.optimum.net/pages/optimum-one/{{ email.html]
[www.optimum.net/pages/optimum-one/{{recording.html]
[www.optimum.net/pages/optimum-one/{{recording-2.html]
[www.optimum.net/pages/optimum-one/{{CommonHeaderCtrl.basePhoneMenuUrl}}/Voicemail/Show.html]
[www.optimum.net/pages/optimum-one/{{CommonHeaderCtrl.basePhoneMenuUrl}}/CallHistory.html]
[www.optimum.net/pages/optimum-one/{{CommonHeaderCtrl.basePhoneMenuUrl}}/International/MyPlan.html]
[www.optimum.net/pages/optimum-one/{{CommonHeaderCtrl.basePhoneMenuUrl}}/Features/CallingFeatures/CallWaiting.html]
[www.optimum.net/pages/optimum-one/{{CommonHeaderCtrl.basePhoneMenuUrl}}/Features/CallingFeatures/CallForwarding.html]
[www.optimum.net/pages/optimum-one/{{CommonHeaderCtrl.basePhoneMenuUrl}}/Features/CallingFeatures/VipRinging.html]
[www.optimum.net/pages/optimum-one/{{CommonHeaderCtrl.basePhoneMenuUrl}}/Features/CallingFeatures/BlockUnwantedCalls.html]
[www.optimum.net/pages/optimum-one/{{CommonHeaderCtrl.basePhoneMenuUrl}}/Features/CallingFeatures/FindMe.html]
[www.optimum.net/pages/optimum-one/{{CommonHeaderCtrl.basePhoneMenuUrl}}/Features/CallingFeatures/PrivateOutboundCalls.html]
[www.optimum.net/pages/optimum-one/{{CommonHeaderCtrl.basePhoneMenuUrl}}/Features/DirectoryListing.html]
[www.optimum.net/pages/optimum-one/{{CommonHeaderCtrl.basePhoneMenuUrl}}/Voicemail.html]
[static.tvlistings.optimum.net/ool/static/prod/images/New-Remote_856x719_96DPI.png]
[static.tvlistings.optimum.net/ool/static/prod/images/home-button.png]
[www.optimum.net/cdn/static.tvlistings.optimum.net/ool/static/prod/images/theone/arrow-down.png]
[www.optimum.net/cdn/static.tvlistings.optimum.net/ool/static/prod/images/theone/7.png]
[www.optimum.net/cdn/static.tvlistings.optimum.net/ool/static/prod/images/theone/tv.png]
[www.optimum.net/cdn/static.tvlistings.optimum.net/ool/static/prod/images/theone/microphone.png]
[www.optimum.net/pages/optimum-one/remote.html]
[www.optimum.net/cdn/static.tvlistings.optimum.net/ool/static/prod/images/theone/OPT-home.png]
[static.tvlistings.optimum.net/ool/static/prod/images/TVScreen_Mod3_1.jpg]
[www.optimum.net/pages/optimum-one/my-picks-and-apps.html]
[www.optimum.net/cdn/static.tvlistings.optimum.net/ool/static/prod/images/theone/arrow-left.png]
[static.tvlistings.optimum.net/ool/static/prod/images/TVScreen_Mod3_3.jpg]
[www.optimum.net/cdn/static.tvlistings.optimum.net/ool/static/prod/images/theone/new-search-lg.jpg]
[www.optimum.net/pages/optimum-one/search.html]
[www.optimum.net/cdn/static.tvlistings.optimum.net/ool/static/prod/images/theone/rwd-button.png]
[www.optimum.net/cdn/static.tvlistings.optimum.net/ool/static/prod/images/theone/skip-button.png]
[www.optimum.net/cdn/static.tvlistings.optimum.net/ool/static/prod/images/theone/resume-button.png]
[www.optimum.net/cdn/static.tvlistings.optimum.net/ool/static/prod/images/theone/exit.png]
[static.tvlistings.optimum.net/ool/static/prod/images/TVScreen_Mod4_1.jpg]
[www.optimum.net/cdn/static.tvlistings.optimum.net/ool/static/prod/images/theone/recorded.png]
[static.tvlistings.optimum.net/ool/static/prod/images/TVScreen_Mod4_2.jpg]
[www.optimum.net/cdn/static.tvlistings.optimum.net/ool/static/prod/images/theone/other-options.png]
[www.optimum.net/pages/optimum-one/dvr.html]
[static.tvlistings.optimum.net/ool/static/prod/images/TVScreen_Mod5_1.jpg]
[www.optimum.net/pages/optimum-one/on-demand.html]
[www.optimum.net/pages/optimum-one/settings.html]
[static.tvlistings.optimum.net/ool/static/prod/images/OPT-TV-Page.jpg]
[www.optimum.net/cdn/static.tvlistings.optimum.net/ool/static/prod/images/amazon-underground-app-us-black.png]
[www.optimum.net/pages/optimum-one/app.html]
[www.optimum.net/pages/optimum-one/TVE.html]
[static.tvlistings.optimum.net/ool/static/prod/images/theone/WiFi-At-Home_WiFi-Network-Name-Password_500x281.jpg]
[static.tvlistings.optimum.net/ool/static/prod/images/theone/WiFi-At-Home_Changing-Your-Network-Name_500x281.jpg]
[static.tvlistings.optimum.net/ool/static/prod/images/theone/WiFi-At-Home_Manage-Your-Network_500x281.png]
[static.tvlistings.optimum.net/ool/static/prod/images/theone/WiFi-At-Home_Connect-A-Device_500x281.jpg]
[www.optimum.net/pages/optimum-one/wifi-at-home.html]
[static.tvlistings.optimum.net/ool/static/prod/images/theone/WiFi-Coverage_Location_500x281.jpg]
[static.tvlistings.optimum.net/ool/static/prod/images/theone/WiFi-Coverage_Interference_500x281.png]
[static.tvlistings.optimum.net/ool/static/prod/images/theone/WiFi-Coverage_Distance_500x281.jpg]
[www.optimum.net/pages/optimum-one/wifi-coverage.html]
[static.tvlistings.optimum.net/ool/static/prod/images/theone/Speed_Wireless-vs-Wired_500x281.png]
[static.tvlistings.optimum.net/ool/static/prod/images/theone/Speed_Traffic_500x281.png]
[static.tvlistings.optimum.net/ool/static/prod/images/theone/Speed-Age_500x281.png]
[static.tvlistings.optimum.net/ool/static/prod/images/theone/Speed_Wireless-vs-Wired_500x281.jpg]
[www.optimum.net/pages/optimum-one/speed.html]
[static.tvlistings.optimum.net/ool/static/prod/images/theone/WiFi-on-The-Go-Hotspots_500x281.jpg]
[static.tvlistings.optimum.net/ool/static/prod/images/theone/WiFi-on-The-Go-Nearby-Hotspots_500x281.png]
[www.optimum.net/pages/optimum-one/wifi-on-the-go.html]
[static.tvlistings.optimum.net/ool/static/prod/images/theone/Security-Built-in_500x281.png]
[static.tvlistings.optimum.net/ool/static/prod/images/theone/Security-on-the-Go-Protection_500x281.png]
[www.optimum.net/pages/optimum-one/security.html]
[static.tvlistings.optimum.net/ool/static/prod/images/theone/settings.png]
[www.optimum.net/pages/optimum-one/setup-remote.html]
[www.optimum.net/pages/optimum-one/phone.html]
[static.tvlistings.optimum.net/ool/static/prod/images/theone/Optimum-Login-Screen.png]
[www.optimum.net/cdn/static.tvlistings.optimum.net/ool/static/prod/images/theone/Online-Icon.png]
[www.optimum.net/cdn/static.tvlistings.optimum.net/ool/static/prod/images/theone/Mobile-Icon.png]
[www.optimum.net/cdn/static.tvlistings.optimum.net/ool/static/prod/images/theone/My-Bill.png]
[www.optimum.net/pages/optimum-one/account-billing.html]
[www.optimum.net/pages/optimum-one/{{CommonFooterCtrl.html]
[www.optimum.net/pages/optimum-one/{{BottomDefaultCtrl.html]
[www.optimum.net/pages/optimum-one/{{BottomDefaultCtrl-2.html]
[www.optimum.net/pages/optimum-one/{{BottomDefaultCtrl.phoneLink}}/Voicemail.html]
[www.optimum.net/pages/optimum-one/{{BottomDefaultCtrl-3.html]
[www.optimum.com/sites/default/files/2020-05/Device-Protectionhg (2).jpg]
[static.tvlistings.optimum.net/ool/static/prod/cms/prod/mcafee-content.png]
[static.tvlistings.optimum.net/ool/static/prod/cms/prod/mcafee-privacy.png]
[www.optimum.com/sites/default/files/2020-12/get-mcafee_0.png]
[www.optimum.com/sites/default/files/2020-12/sign-in-mcafee.png]
[www.optimum.com/sites/default/files/2020-12/step-3-mccafee.png]
[www.optimum.com/sites/default/files/2020-12/step-4--1.png]
[www.optimum.com/sites/default/files/2020-12/step-5-mcafee.png]
[www.optimum.com/sites/default/files/2020-12/step-6-mcafee.png]
[www.optimum.net/vendor.minab29.js]
[www.optimum.net/main.minab29.js]
[www.optimum.net/cms-templates/mcafee/mcafee.minab29.js]
[www.optimum.net/support/outage/outageab29.js]
[www.optimum.net/pages/security/mcafee.html]
[www.optimum.net/cms-templates/text-anchors/page-palette-159c0.css]
[www.optimum.net/pages/tv/{{CommonHeaderCtrl.html]
[www.optimum.net/pages/tv/{{ email.html]
[www.optimum.net/pages/tv/{{recording.html]
[www.optimum.net/pages/tv/{{recording-2.html]
[www.optimum.net/pages/tv/{{CommonHeaderCtrl.basePhoneMenuUrl}}/Voicemail/Show.html]
[www.optimum.net/pages/tv/{{CommonHeaderCtrl.basePhoneMenuUrl}}/CallHistory.html]
[www.optimum.net/pages/tv/{{CommonHeaderCtrl.basePhoneMenuUrl}}/International/MyPlan.html]
[www.optimum.net/pages/tv/{{CommonHeaderCtrl.basePhoneMenuUrl}}/Features/CallingFeatures/CallWaiting.html]
[www.optimum.net/pages/tv/{{CommonHeaderCtrl.basePhoneMenuUrl}}/Features/CallingFeatures/CallForwarding.html]
[www.optimum.net/pages/tv/{{CommonHeaderCtrl.basePhoneMenuUrl}}/Features/CallingFeatures/VipRinging.html]
[www.optimum.net/pages/tv/{{CommonHeaderCtrl.basePhoneMenuUrl}}/Features/CallingFeatures/BlockUnwantedCalls.html]
[www.optimum.net/pages/tv/{{CommonHeaderCtrl.basePhoneMenuUrl}}/Features/CallingFeatures/FindMe.html]
[www.optimum.net/pages/tv/{{CommonHeaderCtrl.basePhoneMenuUrl}}/Features/CallingFeatures/PrivateOutboundCalls.html]
[www.optimum.net/pages/tv/{{CommonHeaderCtrl.basePhoneMenuUrl}}/Features/DirectoryListing.html]
[www.optimum.net/pages/tv/{{CommonHeaderCtrl.basePhoneMenuUrl}}/Voicemail.html]
[www.optimum.net/pages/tv/{{CommonFooterCtrl.html]
[www.optimum.net/pages/tv/{{BottomDefaultCtrl.html]
[www.optimum.net/pages/tv/{{BottomDefaultCtrl-2.html]
[www.optimum.net/pages/tv/{{BottomDefaultCtrl.phoneLink}}/Voicemail.html]
[www.optimum.net/pages/tv/{{BottomDefaultCtrl-3.html]
[www.optimum.net/pages/business/transition.html]
[www.optimum.net/pages/idhelp.html]
[www.optimum.net/pages/tv/{{item.html]
[static.tvlistings.optimum.net/ool/static/prod/images/remotes/rebrand/remote-2-{{$index+1}}.html]
[www.optimum.net/pages/tv/cablecard.html]
[www.optimum.net/pages/business/channel-lineups.html]
[www.optimum.net/pages/storm-preparedness.html]
[www.optimum.net/pages/service/{{CommonHeaderCtrl.helloMessage.html]
[www.optimum.net/pages/service/{{CommonHeaderCtrl.html]
[www.optimum.net/pages/service/{{ email.html]
[www.optimum.net/pages/service/{{recording.html]
[www.optimum.net/pages/service/{{recording-2.html]
[www.optimum.net/pages/service/{{CommonHeaderCtrl.basePhoneMenuUrl}}/Voicemail/Show.html]
[www.optimum.net/pages/service/{{CommonHeaderCtrl.basePhoneMenuUrl}}/CallHistory.html]
[www.optimum.net/pages/service/{{CommonHeaderCtrl.basePhoneMenuUrl}}/International/MyPlan.html]
[www.optimum.net/pages/service/{{CommonHeaderCtrl.basePhoneMenuUrl}}/Features/CallingFeatures/CallWaiting.html]
[www.optimum.net/pages/service/{{CommonHeaderCtrl.basePhoneMenuUrl}}/Features/CallingFeatures/CallForwarding.html]
[www.optimum.net/pages/service/{{CommonHeaderCtrl.basePhoneMenuUrl}}/Features/CallingFeatures/VipRinging.html]
[www.optimum.net/pages/service/{{CommonHeaderCtrl.basePhoneMenuUrl}}/Features/CallingFeatures/BlockUnwantedCalls.html]
[www.optimum.net/pages/service/{{CommonHeaderCtrl.basePhoneMenuUrl}}/Features/CallingFeatures/FindMe.html]
[www.optimum.net/pages/service/{{CommonHeaderCtrl.basePhoneMenuUrl}}/Features/CallingFeatures/PrivateOutboundCalls.html]
[www.optimum.net/pages/service/{{CommonHeaderCtrl.basePhoneMenuUrl}}/Features/DirectoryListing.html]
[www.optimum.net/pages/service/{{CommonHeaderCtrl.basePhoneMenuUrl}}/Voicemail.html]
[www.optimum.net/pages/service/{{CommonFooterCtrl.html]
[www.optimum.net/pages/service/{{BottomDefaultCtrl.html]
[www.optimum.net/pages/service/{{BottomDefaultCtrl-2.html]
[www.optimum.net/pages/service/{{BottomDefaultCtrl.phoneLink}}/Voicemail.html]
[www.optimum.net/pages/service/{{BottomDefaultCtrl-3.html]
[www.optimum.net/assets/fonts/regular/Regular-BlackItalic.woff]
[www.optimum.net/cdn/static.tvlistings.optimum.net/ool/static/prod/images/theone/arrow-right.png]
[www.optimum.net/cdn/static.tvlistings.optimum.net/ool/static/prod/images/theone/9.png]
[www.optimum.net/cdn/static.tvlistings.optimum.net/ool/static/prod/images/theone/bar-progress.png]
[www.optimum.net/cdn/static.tvlistings.optimum.net/ool/static/prod/images/theone/ffd-button.png]
[www.optimum.net/cdn/static.tvlistings.optimum.net/ool/static/prod/images/theone/PC.png]
[static.tvlistings.optimum.net/ool/static/prod/images/Hero-secure.jpg]
[www.optimum.net/cdn/static.tvlistings.optimum.net/ool/static/prod/images/theone/altice_one_app.png]
[www.optimum.net/cdn/static.tvlistings.optimum.net/ool/static/prod/images/theone/record.png]
[static.tvlistings.optimum.net/ool/static/prod/images/RGB_Icons_w_Circle_White_Orange_Protection.png]
[static.tvlistings.optimum.net/ool/static/prod/images/61-graphic.png]
[static.tvlistings.optimum.net/ool/static/prod/images/RGB_Icons_w_Circle_Malware.png]
[static.tvlistings.optimum.net/ool/static/prod/images/RGB_Icons_w_Circle_Phishing.png]
[static.tvlistings.optimum.net/ool/static/prod/images/RGB_Icons_w_Circle_Virus.png]
[static.tvlistings.optimum.net/ool/static/prod/images/Laptop-secure.png]
[static.tvlistings.optimum.net/ool/static/prod/images/RGB_Icons_w_Circle_FAQ.png]
[static.tvlistings.optimum.net/ool/static/prod/images/RGB_Icons_w_Circle_Question-56.png]
[www.optimum.net/pages/secure.html]
[www.optimum.net/cdn/static.tvlistings.optimum.net/ool/static/prod/images/theone/globe-international.png]
[www.optimum.net/pages/optimum-one/account-billing7cc8.html]
[www.optimum.net/pages/altice-one/setup-remote.html]
[www.optimum.net/core-and-parts-palette-1_page_1ab29.css]
[www.optimum.net/core-and-parts-palette-1_page_2ab29.css]
[www.optimum.net/cms-templates/mcafee/page-palette-1ab29.css]
[www.optimum.net/pages/security/{{CommonHeaderCtrl.helloMessage.link}}]
[www.optimum.net/pages/security/{{CommonHeaderCtrl.managedRouterLink}}]
[www.optimum.net/pages/security/{{CommonHeaderCtrl.webmailLink}}]
[www.optimum.net/pages/security/{{ email.link }}]
[www.optimum.net/pages/security/{{recording.href}}]
[www.optimum.net/pages/security/{{recording.thumb}}]
[www.optimum.net/pages/security/{{CommonHeaderCtrl.basePhoneMenuUrl}}/Voicemail/Show]
[www.optimum.net/pages/security/{{CommonHeaderCtrl.basePhoneMenuUrl}}/CallHistory]
[www.optimum.net/pages/security/{{CommonHeaderCtrl.basePhoneMenuUrl}}/International/MyPlan]
[www.optimum.net/pages/security/{{CommonHeaderCtrl.basePhoneMenuUrl}}/Features/CallingFeatures/CallWaiting]
[www.optimum.net/pages/security/{{CommonHeaderCtrl.basePhoneMenuUrl}}/Features/CallingFeatures/CallForwarding]
[www.optimum.net/pages/security/{{CommonHeaderCtrl.basePhoneMenuUrl}}/Features/CallingFeatures/VipRinging]
[www.optimum.net/pages/security/{{CommonHeaderCtrl.basePhoneMenuUrl}}/Features/CallingFeatures/BlockUnwantedCalls]
[www.optimum.net/pages/security/{{CommonHeaderCtrl.basePhoneMenuUrl}}/Features/CallingFeatures/FindMe]
[www.optimum.net/pages/security/{{CommonHeaderCtrl.basePhoneMenuUrl}}/Features/CallingFeatures/PrivateOutboundCalls]
[www.optimum.net/pages/security/{{CommonHeaderCtrl.basePhoneMenuUrl}}/Features/DirectoryListing]
[www.optimum.net/pages/security/{{CommonHeaderCtrl.basePhoneMenuUrl}}/Voicemail]
[www.optimum.net/pages/security/{{BottomDefaultCtrl.webmailLink}}]
[www.optimum.net/pages/security/{{BottomDefaultCtrl.phoneLink}}]
[www.optimum.net/pages/security/{{BottomDefaultCtrl.phoneLink}}/Voicemail]
[www.optimum.net/pages/security/{{BottomDefaultCtrl.outageLink}}]
[www.optimum.net/cdn/static.tvlistings.optimum.net/ool/static/prod/images/theone/TV-Icon.png]
[www.optimum.net/pages/internet-protection/online-security.html]
[www.optimum.net/pages/tv/{{CommonHeaderCtrl.helloMessage.link}}]
[www.optimum.net/pages/tv/{{CommonHeaderCtrl.webmailLink}}]
[www.optimum.net/pages/business/{{CommonHeaderCtrl.html]
[www.optimum.net/pages/business/{{ email.html]
[www.optimum.net/pages/business/{{recording.html]
[www.optimum.net/pages/business/{{recording-2.html]
[www.optimum.net/pages/business/{{CommonHeaderCtrl.basePhoneMenuUrl}}/Voicemail/Show.html]
[www.optimum.net/pages/business/{{CommonHeaderCtrl.basePhoneMenuUrl}}/CallHistory.html]
[www.optimum.net/pages/business/{{CommonHeaderCtrl.basePhoneMenuUrl}}/International/MyPlan.html]
[www.optimum.net/pages/business/{{CommonHeaderCtrl.basePhoneMenuUrl}}/Features/CallingFeatures/CallWaiting.html]
[www.optimum.net/pages/business/{{CommonHeaderCtrl.basePhoneMenuUrl}}/Features/CallingFeatures/CallForwarding.html]
[www.optimum.net/pages/business/{{CommonHeaderCtrl.basePhoneMenuUrl}}/Features/CallingFeatures/VipRinging.html]
[www.optimum.net/pages/business/{{CommonHeaderCtrl.basePhoneMenuUrl}}/Features/CallingFeatures/BlockUnwantedCalls.html]
[www.optimum.net/pages/business/{{CommonHeaderCtrl.basePhoneMenuUrl}}/Features/CallingFeatures/FindMe.html]
[www.optimum.net/pages/business/{{CommonHeaderCtrl.basePhoneMenuUrl}}/Features/CallingFeatures/PrivateOutboundCalls.html]
[www.optimum.net/pages/business/{{CommonHeaderCtrl.basePhoneMenuUrl}}/Features/DirectoryListing.html]
[www.optimum.net/pages/business/{{CommonHeaderCtrl.basePhoneMenuUrl}}/Voicemail.html]
[www.optimum.net/pages/business/{{CommonFooterCtrl.html]
[www.optimum.net/pages/business/{{BottomDefaultCtrl.html]
[www.optimum.net/pages/business/{{BottomDefaultCtrl-2.html]
[www.optimum.net/pages/business/{{BottomDefaultCtrl.phoneLink}}/Voicemail.html]
[www.optimum.net/pages/business/{{BottomDefaultCtrl-3.html]
[www.optimum.net/cdn/static.tvlistings.optimum.net/ool/static/prod/images/google-play.png]
[www.optimum.net/pages/tv/tv-remotee483.html]
[www.optimum.net/cdn/static.tvlistings.optimum.net/ool/static/prod/images/theone/arrow-up.png]
[www.optimum.net/cdn/static.tvlistings.optimum.net/ool/static/prod/images/theone/x.jpg]
[static.tvlistings.optimum.net/ool/static/prod/images/TVScreen_Mod1_1.jpg]
[www.optimum.net/cdn/static.tvlistings.optimum.net/ool/static/prod/images/theone/opt-imdb-ratings.png]
[www.optimum.net/cdn/static.tvlistings.optimum.net/ool/static/prod/images/theone/info.png]
[www.optimum.net/cdn/static.tvlistings.optimum.net/ool/static/prod/images/theone/quick-settings.png]
[www.optimum.net/cdn/static.tvlistings.optimum.net/ool/static/prod/images/theone/info_bar.png]
[static.tvlistings.optimum.net/ool/static/prod/images/TVScreen_Mod1_2.jpg]
[www.optimum.net/cdn/static.tvlistings.optimum.net/ool/static/prod/images/theone/restart.png]
[www.optimum.net/pages/optimum-one/menu.html]
[www.optimum.net/cdn/static.tvlistings.optimum.net/ool/static/prod/images/theone/sports.png]
[www.optimum.net/cdn/static.tvlistings.optimum.net/ool/static/prod/images/theone/jump.png]
[static.tvlistings.optimum.net/ool/static/prod/images/OPTPAGE1ForPickerPage.png]
[static.tvlistings.optimum.net/ool/static/prod/images/SDLPAGE1forpickerpage.png]
[www.optimum.net/pages/read-your-bill.html]
[www.optimum.net/pages/security/mcafee/features.html]
[www.optimum.net/pages/internet-protection/{{CommonHeaderCtrl.helloMessage.html]
[www.optimum.net/pages/internet-protection/{{CommonHeaderCtrl.html]
[www.optimum.net/pages/internet-protection/{{CommonHeaderCtrl-2.html]
[www.optimum.net/pages/internet-protection/{{ email.html]
[www.optimum.net/pages/internet-protection/{{recording.html]
[www.optimum.net/pages/internet-protection/{{recording-2.html]
[www.optimum.net/pages/internet-protection/{{CommonHeaderCtrl.basePhoneMenuUrl}}/Voicemail/Show.html]
[www.optimum.net/pages/internet-protection/{{CommonHeaderCtrl.basePhoneMenuUrl}}/CallHistory.html]
[www.optimum.net/pages/internet-protection/{{CommonHeaderCtrl.basePhoneMenuUrl}}/International/MyPlan.html]
[www.optimum.net/pages/internet-protection/{{CommonHeaderCtrl.basePhoneMenuUrl}}/Features/CallingFeatures/CallWaiting.html]
[www.optimum.net/pages/internet-protection/{{CommonHeaderCtrl.basePhoneMenuUrl}}/Features/CallingFeatures/CallForwarding.html]
[www.optimum.net/pages/internet-protection/{{CommonHeaderCtrl.basePhoneMenuUrl}}/Features/CallingFeatures/VipRinging.html]
[www.optimum.net/pages/internet-protection/{{CommonHeaderCtrl.basePhoneMenuUrl}}/Features/CallingFeatures/BlockUnwantedCalls.html]
[www.optimum.net/pages/internet-protection/{{CommonHeaderCtrl.basePhoneMenuUrl}}/Features/CallingFeatures/FindMe.html]
[www.optimum.net/pages/internet-protection/{{CommonHeaderCtrl.basePhoneMenuUrl}}/Features/CallingFeatures/PrivateOutboundCalls.html]
[www.optimum.net/pages/internet-protection/{{CommonHeaderCtrl.basePhoneMenuUrl}}/Features/DirectoryListing.html]
[www.optimum.net/pages/internet-protection/{{CommonHeaderCtrl.basePhoneMenuUrl}}/Voicemail.html]
[www.optimum.net/pages/internet-protection/{{CommonFooterCtrl.html]
[www.optimum.net/pages/internet-protection/{{BottomDefaultCtrl.html]
[www.optimum.net/pages/internet-protection/{{BottomDefaultCtrl-2.html]
[www.optimum.net/pages/internet-protection/{{BottomDefaultCtrl.phoneLink}}/Voicemail.html]
[www.optimum.net/pages/internet-protection/{{BottomDefaultCtrl-3.html]
[www.optimum.net/pages/business/{{CommonHeaderCtrl.helloMessage.link}}]
[www.optimum.net/pages/service/{{CommonHeaderCtrl.webmailLink}}]
[www.optimum.net/cdn/static.tvlistings.optimum.net/ool/static/prod/images/theone/up-down.png]
[www.optimum.net/pages/optimum-one/settings1f13.html]
[www.optimum.net/pages/altice-one/wifi-at-home.html]
[static.tvlistings.optimum.net/ool/static/prod/images/OPT-PAGE-1.png]
[static.tvlistings.optimum.net/ool/static/prod/images/OPT-PAGE-2.png]
[static.tvlistings.optimum.net/ool/static/prod/images/OPT-PAGE-3.png]
[static.tvlistings.optimum.net/ool/static/prod/images/OPT-PAGE-4.png]
[www.optimum.net/pages/read-your-bill-east.html]
[www.optimum.net/cdn/static.tvlistings.optimum.net/ool/static/prod/cms/prod/mcafee_shield.png]
[www.optimum.net/cms-templates/internet-security/internet-security.minab29.js]
[www.optimum.net/pages/internet-security-new.html]
[www.optimum.net/pages/security/{{CommonFooterCtrl.twitterLink}}]
[www.optimum.net/pages/business/{{CommonHeaderCtrl.webmailLink}}]
[static.tvlistings.optimum.net/ool/static/prod/images/SDL-PAGE-1.png]
[static.tvlistings.optimum.net/ool/static/prod/images/SDL-PAGE-2.png]
[www.optimum.net/pages/read-your-bill-west.html]
[www.optimum.net/cms-templates/internet-security/pageab29.css]
